interactions:
- request:
    body: '{"data": {"systemRequest": {"user": "USER", "password": "PASS"}}}'
    headers:
      Accept:
      - '*/*'
      Accept-Encoding:
      - gzip, deflate
      Connection:
      - keep-alive
      Content-Length:
      - '91'
      Content-Type:
      - application/json
      User-Agent:
      - python-requests/2.22.0
    method: POST
    uri: https://api.ivoy.mx/api/login/loginClient/json/web
  response:
    body:
      string: '{"code": 0, "token": {"access_token": "123"}, "data":{"idClient": 69319}}'
    headers:
      Connection:
      - keep-alive
      Content-Length:
      - '4891'
      Content-Security-Policy:
      - default-src 'self'
      Content-Type:
      - application/json
      Date:
      - Mon, 02 Dec 2019 19:03:38 GMT
      Referrer-Policy:
      - origin-when-cross-origin, strict-origin-when-cross-origin
      Vary:
      - Origin
      Via:
      - 1.1 c620e5f042fe306b2cbec99aa10cb457.cloudfront.net (CloudFront)
      X-Amz-Cf-Id:
      - B_DqareHLnILXikzXvexO8lglZPHFSzHjptmBfUsgiC5JwYFF9Ft8Q==
      X-Amz-Cf-Pop:
      - IAH50-C1
      X-Cache:
      - Miss from cloudfront
      X-Content-Type-Options:
      - nosniff
      X-Frame-Options:
      - DENY
      X-Permitted-Cross-Domain-Policies:
      - all
      X-XSS-Protection:
      - 1; mode=block
      x-amz-apigw-id:
      - EFvxsGaIoAMFiyA=
      x-amzn-Remapped-Content-Length:
      - '4891'
      x-amzn-Remapped-Date:
      - Mon, 02 Dec 2019 19:03:38 GMT
      x-amzn-RequestId:
      - 8a3fd81b-f14a-4789-a364-d240dd008879
    status:
      code: 200
      message: OK
- request:
    body: '{"data": {"systemRequest": {"user": "USER", "password": "PASS"}}}'
    headers:
      Accept:
      - '*/*'
      Accept-Encoding:
      - gzip, deflate
      Connection:
      - keep-alive
      Content-Length:
      - '91'
      Content-Type:
      - application/json
      User-Agent:
      - python-requests/2.22.0
    method: POST
    uri: https://api.ivoy.mx/api/login/loginClient/json/web
  response:
    body:
      string: '{"code": 0, "token": {"access_token": "123"}, "data":{"idClient": 69319}}'
    headers:
      Connection:
      - keep-alive
      Content-Length:
      - '4890'
      Content-Security-Policy:
      - default-src 'self'
      Content-Type:
      - application/json
      Date:
      - Mon, 02 Dec 2019 19:03:39 GMT
      Referrer-Policy:
      - origin-when-cross-origin, strict-origin-when-cross-origin
      Vary:
      - Origin
      Via:
      - 1.1 c620e5f042fe306b2cbec99aa10cb457.cloudfront.net (CloudFront)
      X-Amz-Cf-Id:
      - csaxuZPtp1aakiCVmX3Ml0bwbfFV6Ogmx5vz4Vn8DSB7dDQPcGPowA==
      X-Amz-Cf-Pop:
      - IAH50-C1
      X-Cache:
      - Miss from cloudfront
      X-Content-Type-Options:
      - nosniff
      X-Frame-Options:
      - DENY
      X-Permitted-Cross-Domain-Policies:
      - all
      X-XSS-Protection:
      - 1; mode=block
      x-amz-apigw-id:
      - EFvxuGA8oAMF3EQ=
      x-amzn-Remapped-Content-Length:
      - '4890'
      x-amzn-Remapped-Date:
      - Mon, 02 Dec 2019 19:03:39 GMT
      x-amzn-RequestId:
      - 1bdcb422-10f4-47c7-8159-3e542f870447
    status:
      code: 200
      message: OK
- request:
    body: '{"data": {"systemRequest": {"user": "USER", "password": "PASS"}}}'
    headers:
      Accept:
      - '*/*'
      Accept-Encoding:
      - gzip, deflate
      Connection:
      - keep-alive
      Content-Length:
      - '85'
      Content-Type:
      - application/json
      User-Agent:
      - python-requests/2.22.0
    method: POST
    uri: https://api.ivoy.mx/api/login/loginClient/json/web
  response:
    body:
      string: '{"code": 0, "token": {"access_token": "123"}, "data": {"idClient":
        69319}}'
    headers:
      Connection:
      - keep-alive
      Content-Length:
      - '6015'
      Content-Security-Policy:
      - default-src 'self'
      Content-Type:
      - application/json
      Date:
      - Mon, 10 Feb 2020 19:26:29 GMT
      Referrer-Policy:
      - origin-when-cross-origin, strict-origin-when-cross-origin
      Vary:
      - Origin
      Via:
      - 1.1 9422830f707ade946de8476fde24aafa.cloudfront.net (CloudFront)
      X-Amz-Cf-Id:
      - cm7a4D97p75nYquT43lV5grbEVMltMKt3Ds5F7XWEMnpUVG-iMzuoQ==
      X-Amz-Cf-Pop:
      - IAH50-C4
      X-Cache:
      - Miss from cloudfront
      X-Content-Type-Options:
      - nosniff
      X-Frame-Options:
      - DENY
      X-Permitted-Cross-Domain-Policies:
      - all
      X-XSS-Protection:
      - 1; mode=block
      x-amz-apigw-id:
      - Hsgv6E8QoAMFVNQ=
      x-amzn-Remapped-Content-Length:
      - '6015'
      x-amzn-Remapped-Date:
      - Mon, 10 Feb 2020 19:26:29 GMT
      x-amzn-RequestId:
      - a0f42630-a4c0-4abe-932c-7767754d4df1
    status:
      code: 200
      message: OK
- request:
    body: '{"data": {"bOrder": {"idOrder": "wrong"}}}'
    headers:
      Accept:
      - '*/*'
      Accept-Encoding:
      - gzip, deflate
      Connection:
      - keep-alive
      Content-Length:
      - '42'
      Content-type:
      - application/json
      User-Agent:
      - python-requests/2.22.0
    method: PUT
    uri: https://api.ivoy.mx/api/order/cancelOrder/json/web
  response:
    body:
      string: '{"code":-100,"message":"Formato invalido"}'
    headers:
      Connection:
      - keep-alive
      Content-Length:
      - '42'
      Content-Security-Policy:
      - default-src 'self'
      Content-Type:
      - application/json
      Date:
      - Mon, 02 Dec 2019 19:03:39 GMT
      Referrer-Policy:
      - origin-when-cross-origin, strict-origin-when-cross-origin
      Vary:
      - Origin
      Via:
      - 1.1 c620e5f042fe306b2cbec99aa10cb457.cloudfront.net (CloudFront)
      X-Amz-Cf-Id:
      - 5yHmENYjDvtGWpPkVArpjvqhibxITkdw4yR71Z1UhF7V05MjJwSVrw==
      X-Amz-Cf-Pop:
      - IAH50-C1
      X-Cache:
      - Miss from cloudfront
      X-Content-Type-Options:
      - nosniff
      X-Frame-Options:
      - DENY
      X-Permitted-Cross-Domain-Policies:
      - all
      X-XSS-Protection:
      - 1; mode=block
      x-amz-apigw-id:
      - EFvxwHZQIAMFRhA=
      x-amzn-Remapped-Content-Length:
      - '42'
      x-amzn-Remapped-Date:
      - Mon, 02 Dec 2019 19:03:39 GMT
      x-amzn-RequestId:
      - 9b22b36a-851b-44b5-90f6-605eab0731ce
    status:
      code: 200
      message: OK
version: 1
